Archive member included to satisfy reference by file (symbol)

c:/st/stm32cubeide_1.1.0/stm32cubeide/plugins/com.st.stm32cube.ide.mcu.externaltools.gnu-tools-for-stm32.7-2018-q2-update.win32_1.0.0.201904181610/tools/bin/../lib/gcc/arm-none-eabi/7.3.1/../../../../arm-none-eabi/lib/thumb/v7e-m/fpv4-sp/hard\libc_nano.a(lib_a-errno.o)
                              Core/Src/syscalls.o (__errno)
c:/st/stm32cubeide_1.1.0/stm32cubeide/plugins/com.st.stm32cube.ide.mcu.externaltools.gnu-tools-for-stm32.7-2018-q2-update.win32_1.0.0.201904181610/tools/bin/../lib/gcc/arm-none-eabi/7.3.1/../../../../arm-none-eabi/lib/thumb/v7e-m/fpv4-sp/hard\libc_nano.a(lib_a-exit.o)
                              c:/st/stm32cubeide_1.1.0/stm32cubeide/plugins/com.st.stm32cube.ide.mcu.externaltools.gnu-tools-for-stm32.7-2018-q2-update.win32_1.0.0.201904181610/tools/bin/../lib/gcc/arm-none-eabi/7.3.1/../../../../arm-none-eabi/lib/thumb/v7e-m/fpv4-sp/hard/crt0.o (exit)
c:/st/stm32cubeide_1.1.0/stm32cubeide/plugins/com.st.stm32cube.ide.mcu.externaltools.gnu-tools-for-stm32.7-2018-q2-update.win32_1.0.0.201904181610/tools/bin/../lib/gcc/arm-none-eabi/7.3.1/../../../../arm-none-eabi/lib/thumb/v7e-m/fpv4-sp/hard\libc_nano.a(lib_a-impure.o)
                              c:/st/stm32cubeide_1.1.0/stm32cubeide/plugins/com.st.stm32cube.ide.mcu.externaltools.gnu-tools-for-stm32.7-2018-q2-update.win32_1.0.0.201904181610/tools/bin/../lib/gcc/arm-none-eabi/7.3.1/../../../../arm-none-eabi/lib/thumb/v7e-m/fpv4-sp/hard\libc_nano.a(lib_a-exit.o) (_global_impure_ptr)
c:/st/stm32cubeide_1.1.0/stm32cubeide/plugins/com.st.stm32cube.ide.mcu.externaltools.gnu-tools-for-stm32.7-2018-q2-update.win32_1.0.0.201904181610/tools/bin/../lib/gcc/arm-none-eabi/7.3.1/../../../../arm-none-eabi/lib/thumb/v7e-m/fpv4-sp/hard\libc_nano.a(lib_a-init.o)
                              c:/st/stm32cubeide_1.1.0/stm32cubeide/plugins/com.st.stm32cube.ide.mcu.externaltools.gnu-tools-for-stm32.7-2018-q2-update.win32_1.0.0.201904181610/tools/bin/../lib/gcc/arm-none-eabi/7.3.1/../../../../arm-none-eabi/lib/thumb/v7e-m/fpv4-sp/hard/crt0.o (__libc_init_array)
c:/st/stm32cubeide_1.1.0/stm32cubeide/plugins/com.st.stm32cube.ide.mcu.externaltools.gnu-tools-for-stm32.7-2018-q2-update.win32_1.0.0.201904181610/tools/bin/../lib/gcc/arm-none-eabi/7.3.1/../../../../arm-none-eabi/lib/thumb/v7e-m/fpv4-sp/hard\libc_nano.a(lib_a-memset.o)
                              c:/st/stm32cubeide_1.1.0/stm32cubeide/plugins/com.st.stm32cube.ide.mcu.externaltools.gnu-tools-for-stm32.7-2018-q2-update.win32_1.0.0.201904181610/tools/bin/../lib/gcc/arm-none-eabi/7.3.1/../../../../arm-none-eabi/lib/thumb/v7e-m/fpv4-sp/hard/crt0.o (memset)

Allocating common symbols
Common symbol       size              file

hi2c1               0x4c              Core/Src/main.o
uwTick              0x4               Drivers/STM32F3xx_HAL_Driver/Src/stm32f3xx_hal.o
pFlash              0x20              Drivers/STM32F3xx_HAL_Driver/Src/stm32f3xx_hal_flash.o
hspi1               0x64              Core/Src/main.o
hpcd_USB_FS         0x26c             Core/Src/main.o

Discarded input sections

 .text          0x0000000000000000        0x0 c:/st/stm32cubeide_1.1.0/stm32cubeide/plugins/com.st.stm32cube.ide.mcu.externaltools.gnu-tools-for-stm32.7-2018-q2-update.win32_1.0.0.201904181610/tools/bin/../lib/gcc/arm-none-eabi/7.3.1/thumb/v7e-m/fpv4-sp/hard/crti.o
 .data          0x0000000000000000        0x0 c:/st/stm32cubeide_1.1.0/stm32cubeide/plugins/com.st.stm32cube.ide.mcu.externaltools.gnu-tools-for-stm32.7-2018-q2-update.win32_1.0.0.201904181610/tools/bin/../lib/gcc/arm-none-eabi/7.3.1/thumb/v7e-m/fpv4-sp/hard/crti.o
 .bss           0x0000000000000000        0x0 c:/st/stm32cubeide_1.1.0/stm32cubeide/plugins/com.st.stm32cube.ide.mcu.externaltools.gnu-tools-for-stm32.7-2018-q2-update.win32_1.0.0.201904181610/tools/bin/../lib/gcc/arm-none-eabi/7.3.1/thumb/v7e-m/fpv4-sp/hard/crti.o
 .data          0x0000000000000000        0x4 c:/st/stm32cubeide_1.1.0/stm32cubeide/plugins/com.st.stm32cube.ide.mcu.externaltools.gnu-tools-for-stm32.7-2018-q2-update.win32_1.0.0.201904181610/tools/bin/../lib/gcc/arm-none-eabi/7.3.1/thumb/v7e-m/fpv4-sp/hard/crtbegin.o
 .text          0x0000000000000000       0x74 c:/st/stm32cubeide_1.1.0/stm32cubeide/plugins/com.st.stm32cube.ide.mcu.externaltools.gnu-tools-for-stm32.7-2018-q2-update.win32_1.0.0.201904181610/tools/bin/../lib/gcc/arm-none-eabi/7.3.1/../../../../arm-none-eabi/lib/thumb/v7e-m/fpv4-sp/hard/crt0.o
 .data          0x0000000000000000        0x0 c:/st/stm32cubeide_1.1.0/stm32cubeide/plugins/com.st.stm32cube.ide.mcu.externaltools.gnu-tools-for-stm32.7-2018-q2-update.win32_1.0.0.201904181610/tools/bin/../lib/gcc/arm-none-eabi/7.3.1/../../../../arm-none-eabi/lib/thumb/v7e-m/fpv4-sp/hard/crt0.o
[...]
Memory Configuration

Name             Origin             Length             Attributes
CCMRAM           0x0000000010000000 0x0000000000002000 xrw
RAM              0x0000000020000000 0x000000000000a000 xrw
FLASH            0x0000000008000000 0x0000000000040000 xr
*default*        0x0000000000000000 0xffffffffffffffff

Linker script and memory map

LOAD c:/st/stm32cubeide_1.1.0/stm32cubeide/plugins/com.st.stm32cube.ide.mcu.externaltools.gnu-tools-for-stm32.7-2018-q2-update.win32_1.0.0.201904181610/tools/bin/../lib/gcc/arm-none-eabi/7.3.1/thumb/v7e-m/fpv4-sp/hard/crti.o
LOAD c:/st/stm32cubeide_1.1.0/stm32cubeide/plugins/com.st.stm32cube.ide.mcu.externaltools.gnu-tools-for-stm32.7-2018-q2-update.win32_1.0.0.201904181610/tools/bin/../lib/gcc/arm-none-eabi/7.3.1/thumb/v7e-m/fpv4-sp/hard/crtbegin.o
LOAD c:/st/stm32cubeide_1.1.0/stm32cubeide/plugins/com.st.stm32cube.ide.mcu.externaltools.gnu-tools-for-stm32.7-2018-q2-update.win32_1.0.0.201904181610/tools/bin/../lib/gcc/arm-none-eabi/7.3.1/../../../../arm-none-eabi/lib/thumb/v7e-m/fpv4-sp/hard/crt0.o
LOAD Core/Src/main.o
LOAD Core/Src/stm32f3xx_hal_msp.o
LOAD Core/Src/stm32f3xx_it.o
LOAD Core/Src/syscalls.o
LOAD Core/Src/sysmem.o
LOAD Core/Src/system_stm32f3xx.o
LOAD Core/Startup/startup_stm32f303vctx.o
LOAD Drivers/STM32F3xx_HAL_Driver/Src/stm32f3xx_hal.o
LOAD Drivers/STM32F3xx_HAL_Driver/Src/stm32f3xx_hal_cortex.o
LOAD Drivers/STM32F3xx_HAL_Driver/Src/stm32f3xx_hal_dma.o
LOAD Drivers/STM32F3xx_HAL_Driver/Src/stm32f3xx_hal_exti.o
LOAD Drivers/STM32F3xx_HAL_Driver/Src/stm32f3xx_hal_flash.o
LOAD Drivers/STM32F3xx_HAL_Driver/Src/stm32f3xx_hal_flash_ex.o
LOAD Drivers/STM32F3xx_HAL_Driver/Src/stm32f3xx_hal_gpio.o
LOAD Drivers/STM32F3xx_HAL_Driver/Src/stm32f3xx_hal_i2c.o
LOAD Drivers/STM32F3xx_HAL_Driver/Src/stm32f3xx_hal_i2c_ex.o
LOAD Drivers/STM32F3xx_HAL_Driver/Src/stm32f3xx_hal_pcd.o
LOAD Drivers/STM32F3xx_HAL_Driver/Src/stm32f3xx_hal_pcd_ex.o
LOAD Drivers/STM32F3xx_HAL_Driver/Src/stm32f3xx_hal_pwr.o
LOAD Drivers/STM32F3xx_HAL_Driver/Src/stm32f3xx_hal_pwr_ex.o
LOAD Drivers/STM32F3xx_HAL_Driver/Src/stm32f3xx_hal_rcc.o
LOAD Drivers/STM32F3xx_HAL_Driver/Src/stm32f3xx_hal_rcc_ex.o
LOAD Drivers/STM32F3xx_HAL_Driver/Src/stm32f3xx_hal_spi.o
LOAD Drivers/STM32F3xx_HAL_Driver/Src/stm32f3xx_hal_spi_ex.o
LOAD Drivers/STM32F3xx_HAL_Driver/Src/stm32f3xx_hal_tim.o
LOAD Drivers/STM32F3xx_HAL_Driver/Src/stm32f3xx_hal_tim_ex.o
LOAD Drivers/STM32F3xx_HAL_Driver/Src/stm32f3xx_ll_usb.o
START GROUP
LOAD c:/st/stm32cubeide_1.1.0/stm32cubeide/plugins/com.st.stm32cube.ide.mcu.externaltools.gnu-tools-for-stm32.7-2018-q2-update.win32_1.0.0.201904181610/tools/bin/../lib/gcc/arm-none-eabi/7.3.1/../../../../arm-none-eabi/lib/thumb/v7e-m/fpv4-sp/hard\libc_nano.a
LOAD c:/st/stm32cubeide_1.1.0/stm32cubeide/plugins/com.st.stm32cube.ide.mcu.externaltools.gnu-tools-for-stm32.7-2018-q2-update.win32_1.0.0.201904181610/tools/bin/../lib/gcc/arm-none-eabi/7.3.1/../../../../arm-none-eabi/lib/thumb/v7e-m/fpv4-sp/hard\libm.a
END GROUP
START GROUP
LOAD c:/st/stm32cubeide_1.1.0/stm32cubeide/plugins/com.st.stm32cube.ide.mcu.externaltools.gnu-tools-for-stm32.7-2018-q2-update.win32_1.0.0.201904181610/tools/bin/../lib/gcc/arm-none-eabi/7.3.1/thumb/v7e-m/fpv4-sp/hard\libgcc.a
LOAD c:/st/stm32cubeide_1.1.0/stm32cubeide/plugins/com.st.stm32cube.ide.mcu.externaltools.gnu-tools-for-stm32.7-2018-q2-update.win32_1.0.0.201904181610/tools/bin/../lib/gcc/arm-none-eabi/7.3.1/../../../../arm-none-eabi/lib/thumb/v7e-m/fpv4-sp/hard\libc_nano.a
END GROUP
START GROUP
LOAD c:/st/stm32cubeide_1.1.0/stm32cubeide/plugins/com.st.stm32cube.ide.mcu.externaltools.gnu-tools-for-stm32.7-2018-q2-update.win32_1.0.0.201904181610/tools/bin/../lib/gcc/arm-none-eabi/7.3.1/thumb/v7e-m/fpv4-sp/hard\libgcc.a
LOAD c:/st/stm32cubeide_1.1.0/stm32cubeide/plugins/com.st.stm32cube.ide.mcu.externaltools.gnu-tools-for-stm32.7-2018-q2-update.win32_1.0.0.201904181610/tools/bin/../lib/gcc/arm-none-eabi/7.3.1/../../../../arm-none-eabi/lib/thumb/v7e-m/fpv4-sp/hard\libc_nano.a
LOAD c:/st/stm32cubeide_1.1.0/stm32cubeide/plugins/com.st.stm32cube.ide.mcu.externaltools.gnu-tools-for-stm32.7-2018-q2-update.win32_1.0.0.201904181610/tools/bin/../lib/gcc/arm-none-eabi/7.3.1/../../../../arm-none-eabi/lib/thumb/v7e-m/fpv4-sp/hard\libnosys.a
END GROUP
START GROUP
LOAD c:/st/stm32cubeide_1.1.0/stm32cubeide/plugins/com.st.stm32cube.ide.mcu.externaltools.gnu-tools-for-stm32.7-2018-q2-update.win32_1.0.0.201904181610/tools/bin/../lib/gcc/arm-none-eabi/7.3.1/thumb/v7e-m/fpv4-sp/hard\libgcc.a
LOAD c:/st/stm32cubeide_1.1.0/stm32cubeide/plugins/com.st.stm32cube.ide.mcu.externaltools.gnu-tools-for-stm32.7-2018-q2-update.win32_1.0.0.201904181610/tools/bin/../lib/gcc/arm-none-eabi/7.3.1/../../../../arm-none-eabi/lib/thumb/v7e-m/fpv4-sp/hard\libc_nano.a
LOAD c:/st/stm32cubeide_1.1.0/stm32cubeide/plugins/com.st.stm32cube.ide.mcu.externaltools.gnu-tools-for-stm32.7-2018-q2-update.win32_1.0.0.201904181610/tools/bin/../lib/gcc/arm-none-eabi/7.3.1/../../../../arm-none-eabi/lib/thumb/v7e-m/fpv4-sp/hard\libnosys.a
END GROUP
LOAD c:/st/stm32cubeide_1.1.0/stm32cubeide/plugins/com.st.stm32cube.ide.mcu.externaltools.gnu-tools-for-stm32.7-2018-q2-update.win32_1.0.0.201904181610/tools/bin/../lib/gcc/arm-none-eabi/7.3.1/thumb/v7e-m/fpv4-sp/hard/crtend.o
LOAD c:/st/stm32cubeide_1.1.0/stm32cubeide/plugins/com.st.stm32cube.ide.mcu.externaltools.gnu-tools-for-stm32.7-2018-q2-update.win32_1.0.0.201904181610/tools/bin/../lib/gcc/arm-none-eabi/7.3.1/thumb/v7e-m/fpv4-sp/hard/crtn.o
                0x000000002000a000                _estack = (ORIGIN (RAM) + LENGTH (RAM))
                0x0000000000000200                _Min_Heap_Size = 0x200
                0x0000000000000400                _Min_Stack_Size = 0x400

.isr_vector     0x0000000008000000      0x188
                0x0000000008000000                . = ALIGN (0x4)
 *(.isr_vector)
 .isr_vector    0x0000000008000000      0x188 Core/Startup/startup_stm32f303vctx.o
                0x0000000008000000                g_pfnVectors
                0x0000000008000188                . = ALIGN (0x4)

.text           0x0000000008000188     0x2e68
                0x0000000008000188                . = ALIGN (0x4)
 *(.text)
 .text          0x0000000008000188       0x40 c:/st/stm32cubeide_1.1.0/stm32cubeide/plugins/com.st.stm32cube.ide.mcu.externaltools.gnu-tools-for-stm32.7-2018-q2-update.win32_1.0.0.201904181610/tools/bin/../lib/gcc/arm-none-eabi/7.3.1/thumb/v7e-m/fpv4-sp/hard/crtbegin.o
 *(.text*)
 .text.serial1.7847
                0x00000000080001c8       0xf0 Core/Src/main.o
 .text.main     0x00000000080002b8      0x1cc Core/Src/main.o
                0x00000000080002b8                main
 .text.serial2.7856
                0x0000000008000484       0xe8 Core/Src/main.o
 .text.serial3.7865
                0x000000000800056c       0xf0 Core/Src/main.o
 .text.serial4.7874
                0x000000000800065c       0xf0 Core/Src/main.o
 .text.serial5.7883
                0x000000000800074c       0xf0 Core/Src/main.o
 .text.serial6.7892
                0x000000000800083c      0x108 Core/Src/main.o
 .text.SystemClock_Config
                0x0000000008000944       0xc4 Core/Src/main.o
                0x0000000008000944                SystemClock_Config
 .text.MX_I2C1_Init
                0x0000000008000a08       0x80 Core/Src/main.o
 .text.MX_SPI1_Init
                0x0000000008000a88       0x7c Core/Src/main.o
 .text.MX_USB_PCD_Init
                0x0000000008000b04       0x44 Core/Src/main.o
 .text.MX_GPIO_Init
                0x0000000008000b48       0xec Core/Src/main.o
 .text.Error_Handler
                0x0000000008000c34        0xe Core/Src/main.o
                0x0000000008000c34                Error_Handler
 *fill*         0x0000000008000c42        0x2 
 .text.HAL_MspInit
                0x0000000008000c44       0x48 Core/Src/stm32f3xx_hal_msp.o
                0x0000000008000c44                HAL_MspInit
 .text.HAL_I2C_MspInit
                0x0000000008000c8c       0x88 Core/Src/stm32f3xx_hal_msp.o
                0x0000000008000c8c                HAL_I2C_MspInit
 .text.HAL_SPI_MspInit
                0x0000000008000d14       0x84 Core/Src/stm32f3xx_hal_msp.o
                0x0000000008000d14                HAL_SPI_MspInit
 .text.HAL_PCD_MspInit
                0x0000000008000d98       0x88 Core/Src/stm32f3xx_hal_msp.o
                0x0000000008000d98                HAL_PCD_MspInit
 .text.NMI_Handler
                0x0000000008000e20        0xe Core/Src/stm32f3xx_it.o
                0x0000000008000e20                NMI_Handler
 .text.HardFault_Handler
                0x0000000008000e2e        0x6 Core/Src/stm32f3xx_it.o
                0x0000000008000e2e                HardFault_Handler
 .text.MemManage_Handler
                0x0000000008000e34        0x6 Core/Src/stm32f3xx_it.o
                0x0000000008000e34                MemManage_Handler
 .text.BusFault_Handler
                0x0000000008000e3a        0x6 Core/Src/stm32f3xx_it.o
                0x0000000008000e3a                BusFault_Handler
 .text.UsageFault_Handler
                0x0000000008000e40        0x6 Core/Src/stm32f3xx_it.o
                0x0000000008000e40                UsageFault_Handler
 .text.SVC_Handler
                0x0000000008000e46        0xe Core/Src/stm32f3xx_it.o
                0x0000000008000e46                SVC_Handler
 .text.DebugMon_Handler
                0x0000000008000e54        0xe Core/Src/stm32f3xx_it.o
                0x0000000008000e54                DebugMon_Handler
 .text.PendSV_Handler
                0x0000000008000e62        0xe Core/Src/stm32f3xx_it.o
                0x0000000008000e62                PendSV_Handler
 .text.SysTick_Handler
                0x0000000008000e70        0xc Core/Src/stm32f3xx_it.o
                0x0000000008000e70                SysTick_Handler
 .text.SystemInit
                0x0000000008000e7c       0x2c Core/Src/system_stm32f3xx.o
                0x0000000008000e7c                SystemInit
 .text.Reset_Handler
                0x0000000008000ea8       0x50 Core/Startup/startup_stm32f303vctx.o
                0x0000000008000ea8                Reset_Handler
 .text.Default_Handler
                0x0000000008000ef8        0x2 Core/Startup/startup_stm32f303vctx.o
                0x0000000008000ef8                RTC_Alarm_IRQHandler
                0x0000000008000ef8                TIM8_TRG_COM_IRQHandler
                0x0000000008000ef8                TIM8_CC_IRQHandler
                0x0000000008000ef8                TIM1_CC_IRQHandler
                0x0000000008000ef8                USB_HP_IRQHandler
                0x0000000008000ef8                PVD_IRQHandler
                0x0000000008000ef8                TAMP_STAMP_IRQHandler
                0x0000000008000ef8                EXTI3_IRQHandler
                0x0000000008000ef8                USB_HP_CAN_TX_IRQHandler
                0x0000000008000ef8                EXTI0_IRQHandler
                0x0000000008000ef8                I2C2_EV_IRQHandler
                0x0000000008000ef8                FPU_IRQHandler
                0x0000000008000ef8                TIM1_UP_TIM16_IRQHandler
                0x0000000008000ef8                ADC1_2_IRQHandler
                0x0000000008000ef8                SPI1_IRQHandler
                0x0000000008000ef8                CAN_SCE_IRQHandler
                0x0000000008000ef8                TIM6_DAC_IRQHandler
                0x0000000008000ef8                TIM8_UP_IRQHandler
                0x0000000008000ef8                DMA2_Channel2_IRQHandler
                0x0000000008000ef8                DMA1_Channel4_IRQHandler
                0x0000000008000ef8                USART3_IRQHandler
                0x0000000008000ef8                DMA1_Channel7_IRQHandler
                0x0000000008000ef8                UART5_IRQHandler
                0x0000000008000ef8                ADC3_IRQHandler
                0x0000000008000ef8                TIM4_IRQHandler
                0x0000000008000ef8                CAN_RX1_IRQHandler
                0x0000000008000ef8                DMA2_Channel1_IRQHandler
                0x0000000008000ef8                I2C1_EV_IRQHandler
                0x0000000008000ef8                DMA1_Channel6_IRQHandler
                0x0000000008000ef8                UART4_IRQHandler
                0x0000000008000ef8                DMA2_Channel4_IRQHandler
                0x0000000008000ef8                TIM3_IRQHandler
                0x0000000008000ef8                RCC_IRQHandler
                0x0000000008000ef8                DMA1_Channel1_IRQHandler
                0x0000000008000ef8                Default_Handler
                0x0000000008000ef8                USBWakeUp_RMP_IRQHandler
                0x0000000008000ef8                EXTI15_10_IRQHandler
                0x0000000008000ef8                TIM7_IRQHandler
                0x0000000008000ef8                EXTI9_5_IRQHandler
                0x0000000008000ef8                RTC_WKUP_IRQHandler
                0x0000000008000ef8                SPI2_IRQHandler
                0x0000000008000ef8                USB_LP_CAN_RX0_IRQHandler
                0x0000000008000ef8                DMA2_Channel5_IRQHandler
                0x0000000008000ef8                DMA1_Channel5_IRQHandler
                0x0000000008000ef8                USB_LP_IRQHandler
                0x0000000008000ef8                EXTI4_IRQHandler
                0x0000000008000ef8                TIM1_TRG_COM_TIM17_IRQHandler
                0x0000000008000ef8                DMA1_Channel3_IRQHandler
                0x0000000008000ef8                ADC4_IRQHandler
                0x0000000008000ef8                WWDG_IRQHandler
                0x0000000008000ef8                TIM2_IRQHandler
                0x0000000008000ef8                COMP7_IRQHandler
                0x0000000008000ef8                COMP1_2_3_IRQHandler
                0x0000000008000ef8                EXTI1_IRQHandler
                0x0000000008000ef8                USART2_IRQHandler
                0x0000000008000ef8                COMP4_5_6_IRQHandler
                0x0000000008000ef8                I2C2_ER_IRQHandler
                0x0000000008000ef8                DMA1_Channel2_IRQHandler
                0x0000000008000ef8                TIM8_BRK_IRQHandler
                0x0000000008000ef8                FLASH_IRQHandler
                0x0000000008000ef8                USART1_IRQHandler
                0x0000000008000ef8                SPI3_IRQHandler
                0x0000000008000ef8                I2C1_ER_IRQHandler
                0x0000000008000ef8                USBWakeUp_IRQHandler
                0x0000000008000ef8                DMA2_Channel3_IRQHandler
                0x0000000008000ef8                EXTI2_TSC_IRQHandler
                0x0000000008000ef8                TIM1_BRK_TIM15_IRQHandler
 *fill*         0x0000000008000efa        0x2 
 .text.HAL_Init
                0x0000000008000efc       0x2c Drivers/STM32F3xx_HAL_Driver/Src/stm32f3xx_hal.o
                0x0000000008000efc                HAL_Init
 .text.HAL_InitTick
                0x0000000008000f28       0x60 Drivers/STM32F3xx_HAL_Driver/Src/stm32f3xx_hal.o
                0x0000000008000f28                HAL_InitTick
 .text.HAL_IncTick
                0x0000000008000f88       0x28 Drivers/STM32F3xx_HAL_Driver/Src/stm32f3xx_hal.o
                0x0000000008000f88                HAL_IncTick
 .text.HAL_GetTick
                0x0000000008000fb0       0x18 Drivers/STM32F3xx_HAL_Driver/Src/stm32f3xx_hal.o
                0x0000000008000fb0                HAL_GetTick
 .text.__NVIC_SetPriorityGrouping
                0x0000000008000fc8       0x48 Drivers/STM32F3xx_HAL_Driver/Src/stm32f3xx_hal_cortex.o
 .text.__NVIC_GetPriorityGrouping
                0x0000000008001010       0x1c Drivers/STM32F3xx_HAL_Driver/Src/stm32f3xx_hal_cortex.o
 .text.__NVIC_SetPriority
                0x000000000800102c       0x54 Drivers/STM32F3xx_HAL_Driver/Src/stm32f3xx_hal_cortex.o
 .text.NVIC_EncodePriority
                0x0000000008001080       0x66 Drivers/STM32F3xx_HAL_Driver/Src/stm32f3xx_hal_cortex.o
 *fill*         0x00000000080010e6        0x2 
 .text.SysTick_Config
                0x00000000080010e8       0x44 Drivers/STM32F3xx_HAL_Driver/Src/stm32f3xx_hal_cortex.o
 .text.HAL_NVIC_SetPriorityGrouping
                0x000000000800112c       0x16 Drivers/STM32F3xx_HAL_Driver/Src/stm32f3xx_hal_cortex.o
                0x000000000800112c                HAL_NVIC_SetPriorityGrouping
 .text.HAL_NVIC_SetPriority
                0x0000000008001142       0x38 Drivers/STM32F3xx_HAL_Driver/Src/stm32f3xx_hal_cortex.o
                0x0000000008001142                HAL_NVIC_SetPriority
 .text.HAL_SYSTICK_Config
                0x000000000800117a       0x18 Drivers/STM32F3xx_HAL_Driver/Src/stm32f3xx_hal_cortex.o
                0x000000000800117a                HAL_SYSTICK_Config
 *fill*         0x0000000008001192        0x2 
 .text.HAL_GPIO_Init
                0x0000000008001194      0x2f4 Drivers/STM32F3xx_HAL_Driver/Src/stm32f3xx_hal_gpio.o
                0x0000000008001194                HAL_GPIO_Init
 .text.HAL_GPIO_WritePin
                0x0000000008001488       0x30 Drivers/STM32F3xx_HAL_Driver/Src/stm32f3xx_hal_gpio.o
                0x0000000008001488                HAL_GPIO_WritePin
 .text.HAL_I2C_Init
                0x00000000080014b8      0x11e Drivers/STM32F3xx_HAL_Driver/Src/stm32f3xx_hal_i2c.o
                0x00000000080014b8                HAL_I2C_Init
 .text.HAL_I2CEx_ConfigAnalogFilter
                0x00000000080015d6       0x96 Drivers/STM32F3xx_HAL_Driver/Src/stm32f3xx_hal_i2c_ex.o
                0x00000000080015d6                HAL_I2CEx_ConfigAnalogFilter
 .text.HAL_I2CEx_ConfigDigitalFilter
                0x000000000800166c       0x98 Drivers/STM32F3xx_HAL_Driver/Src/stm32f3xx_hal_i2c_ex.o
                0x000000000800166c                HAL_I2CEx_ConfigDigitalFilter
 .text.HAL_PCD_Init
                0x0000000008001704      0x168 Drivers/STM32F3xx_HAL_Driver/Src/stm32f3xx_hal_pcd.o
                0x0000000008001704                HAL_PCD_Init
 .text.HAL_RCC_OscConfig
                0x000000000800186c      0xe10 Drivers/STM32F3xx_HAL_Driver/Src/stm32f3xx_hal_rcc.o
                0x000000000800186c                HAL_RCC_OscConfig
 .text.HAL_RCC_ClockConfig
                0x000000000800267c      0x2f8 Drivers/STM32F3xx_HAL_Driver/Src/stm32f3xx_hal_rcc.o
                0x000000000800267c                HAL_RCC_ClockConfig
 .text.HAL_RCC_GetSysClockFreq
                0x0000000008002974       0xd4 Drivers/STM32F3xx_HAL_Driver/Src/stm32f3xx_hal_rcc.o
                0x0000000008002974                HAL_RCC_GetSysClockFreq
 .text.HAL_RCCEx_PeriphCLKConfig
                0x0000000008002a48      0x360 Drivers/STM32F3xx_HAL_Driver/Src/stm32f3xx_hal_rcc_ex.o
                0x0000000008002a48                HAL_RCCEx_PeriphCLKConfig
 .text.HAL_SPI_Init
                0x0000000008002da8      0x124 Drivers/STM32F3xx_HAL_Driver/Src/stm32f3xx_hal_spi.o
                0x0000000008002da8                HAL_SPI_Init
 .text.USB_EnableGlobalInt
                0x0000000008002ecc       0x30 Drivers/STM32F3xx_HAL_Driver/Src/stm32f3xx_ll_usb.o
                0x0000000008002ecc                USB_EnableGlobalInt
 .text.USB_DisableGlobalInt
                0x0000000008002efc       0x3a Drivers/STM32F3xx_HAL_Driver/Src/stm32f3xx_ll_usb.o
                0x0000000008002efc                USB_DisableGlobalInt
 .text.USB_DevInit
                0x0000000008002f36       0x48 Drivers/STM32F3xx_HAL_Driver/Src/stm32f3xx_ll_usb.o
                0x0000000008002f36                USB_DevInit
 *fill*         0x0000000008002f7e        0x2 
 .text.__libc_init_array
                0x0000000008002f80       0x48 c:/st/stm32cubeide_1.1.0/stm32cubeide/plugins/com.st.stm32cube.ide.mcu.externaltools.gnu-tools-for-stm32.7-2018-q2-update.win32_1.0.0.201904181610/tools/bin/../lib/gcc/arm-none-eabi/7.3.1/../../../../arm-none-eabi/lib/thumb/v7e-m/fpv4-sp/hard\libc_nano.a(lib_a-init.o)
                0x0000000008002f80                __libc_init_array
 .text.memset   0x0000000008002fc8       0x10 c:/st/stm32cubeide_1.1.0/stm32cubeide/plugins/com.st.stm32cube.ide.mcu.externaltools.gnu-tools-for-stm32.7-2018-q2-update.win32_1.0.0.201904181610/tools/bin/../lib/gcc/arm-none-eabi/7.3.1/../../../../arm-none-eabi/lib/thumb/v7e-m/fpv4-sp/hard\libc_nano.a(lib_a-memset.o)
                0x0000000008002fc8                memset
 *(.glue_7)
 .glue_7        0x0000000008002fd8        0x0 linker stubs
 *(.glue_7t)
 .glue_7t       0x0000000008002fd8        0x0 linker stubs
 *(.eh_frame)
 .eh_frame      0x0000000008002fd8        0x0 c:/st/stm32cubeide_1.1.0/stm32cubeide/plugins/com.st.stm32cube.ide.mcu.externaltools.gnu-tools-for-stm32.7-2018-q2-update.win32_1.0.0.201904181610/tools/bin/../lib/gcc/arm-none-eabi/7.3.1/thumb/v7e-m/fpv4-sp/hard/crtbegin.o
 *(.init)
 .init          0x0000000008002fd8        0x4 c:/st/stm32cubeide_1.1.0/stm32cubeide/plugins/com.st.stm32cube.ide.mcu.externaltools.gnu-tools-for-stm32.7-2018-q2-update.win32_1.0.0.201904181610/tools/bin/../lib/gcc/arm-none-eabi/7.3.1/thumb/v7e-m/fpv4-sp/hard/crti.o
                0x0000000008002fd8                _init
 .init          0x0000000008002fdc        0x8 c:/st/stm32cubeide_1.1.0/stm32cubeide/plugins/com.st.stm32cube.ide.mcu.externaltools.gnu-tools-for-stm32.7-2018-q2-update.win32_1.0.0.201904181610/tools/bin/../lib/gcc/arm-none-eabi/7.3.1/thumb/v7e-m/fpv4-sp/hard/crtn.o
 *(.fini)
 .fini          0x0000000008002fe4        0x4 c:/st/stm32cubeide_1.1.0/stm32cubeide/plugins/com.st.stm32cube.ide.mcu.externaltools.gnu-tools-for-stm32.7-2018-q2-update.win32_1.0.0.201904181610/tools/bin/../lib/gcc/arm-none-eabi/7.3.1/thumb/v7e-m/fpv4-sp/hard/crti.o
                0x0000000008002fe4                _fini
 .fini          0x0000000008002fe8        0x8 c:/st/stm32cubeide_1.1.0/stm32cubeide/plugins/com.st.stm32cube.ide.mcu.externaltools.gnu-tools-for-stm32.7-2018-q2-update.win32_1.0.0.201904181610/tools/bin/../lib/gcc/arm-none-eabi/7.3.1/thumb/v7e-m/fpv4-sp/hard/crtn.o
                0x0000000008002ff0                . = ALIGN (0x4)
                0x0000000008002ff0                _etext = .

.vfp11_veneer   0x0000000008002ff0        0x0
 .vfp11_veneer  0x0000000008002ff0        0x0 linker stubs

.v4_bx          0x0000000008002ff0        0x0
 .v4_bx         0x0000000008002ff0        0x0 linker stubs

.iplt           0x0000000008002ff0        0x0
 .iplt          0x0000000008002ff0        0x0 c:/st/stm32cubeide_1.1.0/stm32cubeide/plugins/com.st.stm32cube.ide.mcu.externaltools.gnu-tools-for-stm32.7-2018-q2-update.win32_1.0.0.201904181610/tools/bin/../lib/gcc/arm-none-eabi/7.3.1/thumb/v7e-m/fpv4-sp/hard/crtbegin.o

.rodata         0x0000000008002ff0       0x30
                0x0000000008002ff0                . = ALIGN (0x4)
 *(.rodata)
 *(.rodata*)
 .rodata.AHBPrescTable
                0x0000000008002ff0       0x10 Core/Src/system_stm32f3xx.o
                0x0000000008002ff0                AHBPrescTable
 .rodata.aPLLMULFactorTable
                0x0000000008003000       0x10 Drivers/STM32F3xx_HAL_Driver/Src/stm32f3xx_hal_rcc.o
                0x0000000008003000                aPLLMULFactorTable
 .rodata.aPredivFactorTable
                0x0000000008003010       0x10 Drivers/STM32F3xx_HAL_Driver/Src/stm32f3xx_hal_rcc.o
                0x0000000008003010                aPredivFactorTable
                0x0000000008003020                . = ALIGN (0x4)

.rel.dyn        0x0000000008003020        0x0
 .rel.iplt      0x0000000008003020        0x0 c:/st/stm32cubeide_1.1.0/stm32cubeide/plugins/com.st.stm32cube.ide.mcu.externaltools.gnu-tools-for-stm32.7-2018-q2-update.win32_1.0.0.201904181610/tools/bin/../lib/gcc/arm-none-eabi/7.3.1/thumb/v7e-m/fpv4-sp/hard/crtbegin.o

.ARM.extab      0x0000000008003020        0x0
                0x0000000008003020                . = ALIGN (0x4)
 *(.ARM.extab* .gnu.linkonce.armextab.*)
                0x0000000008003020                . = ALIGN (0x4)

.ARM            0x0000000008003020        0x0
                0x0000000008003020                . = ALIGN (0x4)
                0x0000000008003020                __exidx_start = .
 *(.ARM.exidx*)
                0x0000000008003020                __exidx_end = .
                0x0000000008003020                . = ALIGN (0x4)

.preinit_array  0x0000000008003020        0x0
                0x0000000008003020                . = ALIGN (0x4)
                0x0000000008003020                PROVIDE (__preinit_array_start = .)
 *(.preinit_array*)
                0x0000000008003020                PROVIDE (__preinit_array_end = .)
                0x0000000008003020                . = ALIGN (0x4)

.init_array     0x0000000008003020        0x4
                0x0000000008003020                . = ALIGN (0x4)
                0x0000000008003020                PROVIDE (__init_array_start = .)
 *(SORT_BY_NAME(.init_array.*))
 *(.init_array*)
 .init_array    0x0000000008003020        0x4 c:/st/stm32cubeide_1.1.0/stm32cubeide/plugins/com.st.stm32cube.ide.mcu.externaltools.gnu-tools-for-stm32.7-2018-q2-update.win32_1.0.0.201904181610/tools/bin/../lib/gcc/arm-none-eabi/7.3.1/thumb/v7e-m/fpv4-sp/hard/crtbegin.o
                0x0000000008003024                PROVIDE (__init_array_end = .)
                0x0000000008003024                . = ALIGN (0x4)

.fini_array     0x0000000008003024        0x4
                0x0000000008003024                . = ALIGN (0x4)
                [!provide]                        PROVIDE (__fini_array_start = .)
 *(SORT_BY_NAME(.fini_array.*))
 *(.fini_array*)
 .fini_array    0x0000000008003024        0x4 c:/st/stm32cubeide_1.1.0/stm32cubeide/plugins/com.st.stm32cube.ide.mcu.externaltools.gnu-tools-for-stm32.7-2018-q2-update.win32_1.0.0.201904181610/tools/bin/../lib/gcc/arm-none-eabi/7.3.1/thumb/v7e-m/fpv4-sp/hard/crtbegin.o
                [!provide]                        PROVIDE (__fini_array_end = .)
                0x0000000008003028                . = ALIGN (0x4)
                0x0000000008003028                _sidata = LOADADDR (.data)

.data           0x0000000020000000        0xc load address 0x0000000008003028
                0x0000000020000000                . = ALIGN (0x4)
                0x0000000020000000                _sdata = .
 *(.data)
 *(.data*)
 .data.SystemCoreClock
                0x0000000020000000        0x4 Core/Src/system_stm32f3xx.o
                0x0000000020000000                SystemCoreClock
 .data.uwTickPrio
                0x0000000020000004        0x4 Drivers/STM32F3xx_HAL_Driver/Src/stm32f3xx_hal.o
                0x0000000020000004                uwTickPrio
 .data.uwTickFreq
                0x0000000020000008        0x1 Drivers/STM32F3xx_HAL_Driver/Src/stm32f3xx_hal.o
                0x0000000020000008                uwTickFreq
                0x000000002000000c                . = ALIGN (0x4)
 *fill*         0x0000000020000009        0x3 
                0x000000002000000c                _edata = .

.igot.plt       0x000000002000000c        0x0 load address 0x0000000008003034
 .igot.plt      0x000000002000000c        0x0 c:/st/stm32cubeide_1.1.0/stm32cubeide/plugins/com.st.stm32cube.ide.mcu.externaltools.gnu-tools-for-stm32.7-2018-q2-update.win32_1.0.0.201904181610/tools/bin/../lib/gcc/arm-none-eabi/7.3.1/thumb/v7e-m/fpv4-sp/hard/crtbegin.o
                0x000000002000000c                . = ALIGN (0x4)

.bss            0x000000002000000c      0x33c load address 0x0000000008003034
                0x000000002000000c                _sbss = .
                0x000000002000000c                __bss_start__ = _sbss
 *(.bss)
 .bss           0x000000002000000c       0x1c c:/st/stm32cubeide_1.1.0/stm32cubeide/plugins/com.st.stm32cube.ide.mcu.externaltools.gnu-tools-for-stm32.7-2018-q2-update.win32_1.0.0.201904181610/tools/bin/../lib/gcc/arm-none-eabi/7.3.1/thumb/v7e-m/fpv4-sp/hard/crtbegin.o
 *(.bss*)
 *(COMMON)
 COMMON         0x0000000020000028      0x31c Core/Src/main.o
                0x0000000020000028                hi2c1
                0x0000000020000074                hspi1
                0x00000000200000d8                hpcd_USB_FS
 COMMON         0x0000000020000344        0x4 Drivers/STM32F3xx_HAL_Driver/Src/stm32f3xx_hal.o
                0x0000000020000344                uwTick
                0x0000000020000348                . = ALIGN (0x4)
                0x0000000020000348                _ebss = .
                0x0000000020000348                __bss_end__ = _ebss

._user_heap_stack
                0x0000000020000348      0x600 load address 0x0000000008003034
                0x0000000020000348                . = ALIGN (0x8)
                0x0000000020000348                PROVIDE (end = .)
                [!provide]                        PROVIDE (_end = .)
                0x0000000020000548                . = (. + _Min_Heap_Size)
 *fill*         0x0000000020000348      0x200 
                0x0000000020000948                . = (. + _Min_Stack_Size)
 *fill*         0x0000000020000548      0x400 
                0x0000000020000948                . = ALIGN (0x8)

/DISCARD/
 libc.a(*)
 libm.a(*)
 libgcc.a(*)

.ARM.attributes
                0x0000000000000000       0x30
 *(.ARM.attributes)
 .ARM.attributes
                0x0000000000000000       0x22 c:/st/stm32cubeide_1.1.0/stm32cubeide/plugins/com.st.stm32cube.ide.mcu.externaltools.gnu-tools-for-stm32.7-2018-q2-update.win32_1.0.0.201904181610/tools/bin/../lib/gcc/arm-none-eabi/7.3.1/thumb/v7e-m/fpv4-sp/hard/crti.o
 .ARM.attributes
                0x0000000000000022       0x34 c:/st/stm32cubeide_1.1.0/stm32cubeide/plugins/com.st.stm32cube.ide.mcu.externaltools.gnu-tools-for-stm32.7-2018-q2-update.win32_1.0.0.201904181610/tools/bin/../lib/gcc/arm-none-eabi/7.3.1/thumb/v7e-m/fpv4-sp/hard/crtbegin.o
 .ARM.attributes
                0x0000000000000056       0x39 Core/Src/main.o
 .ARM.attributes
                0x000000000000008f       0x39 Core/Src/stm32f3xx_hal_msp.o
 .ARM.attributes
                0x00000000000000c8       0x39 Core/Src/stm32f3xx_it.o
 .ARM.attributes
                0x0000000000000101       0x39 Core/Src/system_stm32f3xx.o
 .ARM.attributes
                0x000000000000013a       0x21 Core/Startup/startup_stm32f303vctx.o
 .ARM.attributes
                0x000000000000015b       0x39 Drivers/STM32F3xx_HAL_Driver/Src/stm32f3xx_hal.o
 .ARM.attributes
                0x0000000000000194       0x39 Drivers/STM32F3xx_HAL_Driver/Src/stm32f3xx_hal_cortex.o
 .ARM.attributes
                0x00000000000001cd       0x39 Drivers/STM32F3xx_HAL_Driver/Src/stm32f3xx_hal_gpio.o
 .ARM.attributes
                0x0000000000000206       0x39 Drivers/STM32F3xx_HAL_Driver/Src/stm32f3xx_hal_i2c.o
 .ARM.attributes
                0x000000000000023f       0x39 Drivers/STM32F3xx_HAL_Driver/Src/stm32f3xx_hal_i2c_ex.o
 .ARM.attributes
                0x0000000000000278       0x39 Drivers/STM32F3xx_HAL_Driver/Src/stm32f3xx_hal_pcd.o
 .ARM.attributes
                0x00000000000002b1       0x39 Drivers/STM32F3xx_HAL_Driver/Src/stm32f3xx_hal_rcc.o
 .ARM.attributes
                0x00000000000002ea       0x39 Drivers/STM32F3xx_HAL_Driver/Src/stm32f3xx_hal_rcc_ex.o
 .ARM.attributes
                0x0000000000000323       0x39 Drivers/STM32F3xx_HAL_Driver/Src/stm32f3xx_hal_spi.o
 .ARM.attributes
                0x000000000000035c       0x39 Drivers/STM32F3xx_HAL_Driver/Src/stm32f3xx_ll_usb.o
 .ARM.attributes
                0x0000000000000395       0x34 c:/st/stm32cubeide_1.1.0/stm32cubeide/plugins/com.st.stm32cube.ide.mcu.externaltools.gnu-tools-for-stm32.7-2018-q2-update.win32_1.0.0.201904181610/tools/bin/../lib/gcc/arm-none-eabi/7.3.1/../../../../arm-none-eabi/lib/thumb/v7e-m/fpv4-sp/hard\libc_nano.a(lib_a-init.o)
 .ARM.attributes
                0x00000000000003c9       0x34 c:/st/stm32cubeide_1.1.0/stm32cubeide/plugins/com.st.stm32cube.ide.mcu.externaltools.gnu-tools-for-stm32.7-2018-q2-update.win32_1.0.0.201904181610/tools/bin/../lib/gcc/arm-none-eabi/7.3.1/../../../../arm-none-eabi/lib/thumb/v7e-m/fpv4-sp/hard\libc_nano.a(lib_a-memset.o)
 .ARM.attributes
                0x00000000000003fd       0x22 c:/st/stm32cubeide_1.1.0/stm32cubeide/plugins/com.st.stm32cube.ide.mcu.externaltools.gnu-tools-for-stm32.7-2018-q2-update.win32_1.0.0.201904181610/tools/bin/../lib/gcc/arm-none-eabi/7.3.1/thumb/v7e-m/fpv4-sp/hard/crtn.o
OUTPUT(ledrot.elf elf32-littlearm)

.debug_info     0x0000000000000000     0xcbb1
 .debug_info    0x0000000000000000     0x17a9 Core/Src/main.o
 .debug_info    0x00000000000017a9     0x10b7 Core/Src/stm32f3xx_hal_msp.o
 .debug_info    0x0000000000002860      0x20d Core/Src/stm32f3xx_it.o
 .debug_info    0x0000000000002a6d      0x45c Core/Src/system_stm32f3xx.o
 .debug_info    0x0000000000002ec9       0x22 Core/Startup/startup_stm32f303vctx.o
 .debug_info    0x0000000000002eeb      0x7e2 Drivers/STM32F3xx_HAL_Driver/Src/stm32f3xx_hal.o
 .debug_info    0x00000000000036cd      0xd99 Drivers/STM32F3xx_HAL_Driver/Src/stm32f3xx_hal_cortex.o
 .debug_info    0x0000000000004466      0x6fc Drivers/STM32F3xx_HAL_Driver/Src/stm32f3xx_hal_gpio.o
 .debug_info    0x0000000000004b62     0x1f65 Drivers/STM32F3xx_HAL_Driver/Src/stm32f3xx_hal_i2c.o
 .debug_info    0x0000000000006ac7      0x8de Drivers/STM32F3xx_HAL_Driver/Src/stm32f3xx_hal_i2c_ex.o
 .debug_info    0x00000000000073a5      0xe26 Drivers/STM32F3xx_HAL_Driver/Src/stm32f3xx_hal_pcd.o
 .debug_info    0x00000000000081cb     0x180f Drivers/STM32F3xx_HAL_Driver/Src/stm32f3xx_hal_rcc.o
 .debug_info    0x00000000000099da      0x6b7 Drivers/STM32F3xx_HAL_Driver/Src/stm32f3xx_hal_rcc_ex.o
 .debug_info    0x000000000000a091     0x1625 Drivers/STM32F3xx_HAL_Driver/Src/stm32f3xx_hal_spi.o
 .debug_info    0x000000000000b6b6     0x14fb Drivers/STM32F3xx_HAL_Driver/Src/stm32f3xx_ll_usb.o

.debug_abbrev   0x0000000000000000     0x1bf3
 .debug_abbrev  0x0000000000000000      0x256 Core/Src/main.o
 .debug_abbrev  0x0000000000000256      0x1b3 Core/Src/stm32f3xx_hal_msp.o
 .debug_abbrev  0x0000000000000409       0xc6 Core/Src/stm32f3xx_it.o
 .debug_abbrev  0x00000000000004cf      0x12b Core/Src/system_stm32f3xx.o
 .debug_abbrev  0x00000000000005fa       0x12 Core/Startup/startup_stm32f303vctx.o
 .debug_abbrev  0x000000000000060c      0x1c7 Drivers/STM32F3xx_HAL_Driver/Src/stm32f3xx_hal.o
 .debug_abbrev  0x00000000000007d3      0x2fa Drivers/STM32F3xx_HAL_Driver/Src/stm32f3xx_hal_cortex.o
 .debug_abbrev  0x0000000000000acd      0x1c0 Drivers/STM32F3xx_HAL_Driver/Src/stm32f3xx_hal_gpio.o
 .debug_abbrev  0x0000000000000c8d      0x22a Drivers/STM32F3xx_HAL_Driver/Src/stm32f3xx_hal_i2c.o
 .debug_abbrev  0x0000000000000eb7      0x1b9 Drivers/STM32F3xx_HAL_Driver/Src/stm32f3xx_hal_i2c_ex.o
 .debug_abbrev  0x0000000000001070      0x27d Drivers/STM32F3xx_HAL_Driver/Src/stm32f3xx_hal_pcd.o
 .debug_abbrev  0x00000000000012ed      0x28c Drivers/STM32F3xx_HAL_Driver/Src/stm32f3xx_hal_rcc.o
 .debug_abbrev  0x0000000000001579      0x219 Drivers/STM32F3xx_HAL_Driver/Src/stm32f3xx_hal_rcc_ex.o
 .debug_abbrev  0x0000000000001792      0x228 Drivers/STM32F3xx_HAL_Driver/Src/stm32f3xx_hal_spi.o
 .debug_abbrev  0x00000000000019ba      0x239 Drivers/STM32F3xx_HAL_Driver/Src/stm32f3xx_ll_usb.o

.debug_aranges  0x0000000000000000      0xb60
 .debug_aranges
                0x0000000000000000       0x80 Core/Src/main.o
 .debug_aranges
                0x0000000000000080       0x50 Core/Src/stm32f3xx_hal_msp.o
 .debug_aranges
                0x00000000000000d0       0x60 Core/Src/stm32f3xx_it.o
 .debug_aranges
                0x0000000000000130       0x28 Core/Src/system_stm32f3xx.o
 .debug_aranges
                0x0000000000000158       0x28 Core/Startup/startup_stm32f303vctx.o
 .debug_aranges
                0x0000000000000180       0xe0 Drivers/STM32F3xx_HAL_Driver/Src/stm32f3xx_hal.o
 .debug_aranges
                0x0000000000000260      0x118 Drivers/STM32F3xx_HAL_Driver/Src/stm32f3xx_hal_cortex.o
 .debug_aranges
                0x0000000000000378       0x58 Drivers/STM32F3xx_HAL_Driver/Src/stm32f3xx_hal_gpio.o
 .debug_aranges
                0x00000000000003d0      0x288 Drivers/STM32F3xx_HAL_Driver/Src/stm32f3xx_hal_i2c.o
 .debug_aranges
                0x0000000000000658       0x48 Drivers/STM32F3xx_HAL_Driver/Src/stm32f3xx_hal_i2c_ex.o
 .debug_aranges
                0x00000000000006a0      0x120 Drivers/STM32F3xx_HAL_Driver/Src/stm32f3xx_hal_pcd.o
 .debug_aranges
                0x00000000000007c0       0x88 Drivers/STM32F3xx_HAL_Driver/Src/stm32f3xx_hal_rcc.o
 .debug_aranges
                0x0000000000000848       0x38 Drivers/STM32F3xx_HAL_Driver/Src/stm32f3xx_hal_rcc_ex.o
 .debug_aranges
                0x0000000000000880      0x1d8 Drivers/STM32F3xx_HAL_Driver/Src/stm32f3xx_hal_spi.o
 .debug_aranges
                0x0000000000000a58      0x108 Drivers/STM32F3xx_HAL_Driver/Src/stm32f3xx_ll_usb.o

.debug_ranges   0x0000000000000000      0xa78
 .debug_ranges  0x0000000000000000       0x70 Core/Src/main.o
 .debug_ranges  0x0000000000000070       0x40 Core/Src/stm32f3xx_hal_msp.o
 .debug_ranges  0x00000000000000b0       0x50 Core/Src/stm32f3xx_it.o
 .debug_ranges  0x0000000000000100       0x18 Core/Src/system_stm32f3xx.o
 .debug_ranges  0x0000000000000118       0x20 Core/Startup/startup_stm32f303vctx.o
 .debug_ranges  0x0000000000000138       0xd0 Drivers/STM32F3xx_HAL_Driver/Src/stm32f3xx_hal.o
 .debug_ranges  0x0000000000000208      0x108 Drivers/STM32F3xx_HAL_Driver/Src/stm32f3xx_hal_cortex.o
 .debug_ranges  0x0000000000000310       0x48 Drivers/STM32F3xx_HAL_Driver/Src/stm32f3xx_hal_gpio.o
 .debug_ranges  0x0000000000000358      0x278 Drivers/STM32F3xx_HAL_Driver/Src/stm32f3xx_hal_i2c.o
 .debug_ranges  0x00000000000005d0       0x38 Drivers/STM32F3xx_HAL_Driver/Src/stm32f3xx_hal_i2c_ex.o
 .debug_ranges  0x0000000000000608      0x110 Drivers/STM32F3xx_HAL_Driver/Src/stm32f3xx_hal_pcd.o
 .debug_ranges  0x0000000000000718       0x78 Drivers/STM32F3xx_HAL_Driver/Src/stm32f3xx_hal_rcc.o
 .debug_ranges  0x0000000000000790       0x28 Drivers/STM32F3xx_HAL_Driver/Src/stm32f3xx_hal_rcc_ex.o
 .debug_ranges  0x00000000000007b8      0x1c8 Drivers/STM32F3xx_HAL_Driver/Src/stm32f3xx_hal_spi.o
 .debug_ranges  0x0000000000000980       0xf8 Drivers/STM32F3xx_HAL_Driver/Src/stm32f3xx_ll_usb.o

.debug_macro    0x0000000000000000    0x19446
 .debug_macro   0x0000000000000000      0x1ee Core/Src/main.o
 .debug_macro   0x00000000000001ee      0xa5a Core/Src/main.o
 .debug_macro   0x0000000000000c48      0x157 Core/Src/main.o
 .debug_macro   0x0000000000000d9f       0x2e Core/Src/main.o
 .debug_macro   0x0000000000000dcd       0x28 Core/Src/main.o
 .debug_macro   0x0000000000000df5       0x22 Core/Src/main.o
 .debug_macro   0x0000000000000e17       0x8e Core/Src/main.o
 .debug_macro   0x0000000000000ea5       0x51 Core/Src/main.o
 .debug_macro   0x0000000000000ef6       0xef Core/Src/main.o
 .debug_macro   0x0000000000000fe5       0x6a Core/Src/main.o
 .debug_macro   0x000000000000104f      0x1df Core/Src/main.o
 .debug_macro   0x000000000000122e       0x1c Core/Src/main.o
 .debug_macro   0x000000000000124a       0x22 Core/Src/main.o
 .debug_macro   0x000000000000126c       0xdf Core/Src/main.o
 .debug_macro   0x000000000000134b     0x102d Core/Src/main.o
 .debug_macro   0x0000000000002378      0x11f Core/Src/main.o
 .debug_macro   0x0000000000002497    0x12a33 Core/Src/main.o
 .debug_macro   0x0000000000014eca       0x43 Core/Src/main.o
 .debug_macro   0x0000000000014f0d      0x174 Core/Src/main.o
 .debug_macro   0x0000000000015081       0x53 Core/Src/main.o
 .debug_macro   0x00000000000150d4      0x962 Core/Src/main.o
 .debug_macro   0x0000000000015a36      0x5fe Core/Src/main.o
 .debug_macro   0x0000000000016034      0x12f Core/Src/main.o
 .debug_macro   0x0000000000016163      0x1fb Core/Src/main.o
 .debug_macro   0x000000000001635e      0x1dc Core/Src/main.o
 .debug_macro   0x000000000001653a      0x1bc Core/Src/main.o
 .debug_macro   0x00000000000166f6       0x30 Core/Src/main.o
 .debug_macro   0x0000000000016726       0x3c Core/Src/main.o
 .debug_macro   0x0000000000016762      0x236 Core/Src/main.o
 .debug_macro   0x0000000000016998       0xc5 Core/Src/main.o
 .debug_macro   0x0000000000016a5d      0x21d Core/Src/main.o
 .debug_macro   0x0000000000016c7a      0x22c Core/Src/main.o
 .debug_macro   0x0000000000016ea6       0x58 Core/Src/main.o
 .debug_macro   0x0000000000016efe       0xa5 Core/Src/main.o
 .debug_macro   0x0000000000016fa3       0x65 Core/Src/main.o
 .debug_macro   0x0000000000017008      0x249 Core/Src/main.o
 .debug_macro   0x0000000000017251       0x81 Core/Src/main.o
 .debug_macro   0x00000000000172d2       0xd3 Core/Src/main.o
 .debug_macro   0x00000000000173a5      0x2fe Core/Src/main.o
 .debug_macro   0x00000000000176a3      0x275 Core/Src/main.o
 .debug_macro   0x0000000000017918      0x154 Core/Src/main.o
 .debug_macro   0x0000000000017a6c      0x1ee Core/Src/stm32f3xx_hal_msp.o
 .debug_macro   0x0000000000017c5a      0x1f8 Core/Src/stm32f3xx_it.o
 .debug_macro   0x0000000000017e52      0x1e5 Core/Src/system_stm32f3xx.o
 .debug_macro   0x0000000000018037      0x203 Drivers/STM32F3xx_HAL_Driver/Src/stm32f3xx_hal.o
 .debug_macro   0x000000000001823a      0x1df Drivers/STM32F3xx_HAL_Driver/Src/stm32f3xx_hal_cortex.o
 .debug_macro   0x0000000000018419      0x217 Drivers/STM32F3xx_HAL_Driver/Src/stm32f3xx_hal_gpio.o
 .debug_macro   0x0000000000018630      0x2a4 Drivers/STM32F3xx_HAL_Driver/Src/stm32f3xx_hal_i2c.o
 .debug_macro   0x00000000000188d4      0x1df Drivers/STM32F3xx_HAL_Driver/Src/stm32f3xx_hal_i2c_ex.o
 .debug_macro   0x0000000000018ab3      0x1eb Drivers/STM32F3xx_HAL_Driver/Src/stm32f3xx_hal_pcd.o
 .debug_macro   0x0000000000018c9e      0x203 Drivers/STM32F3xx_HAL_Driver/Src/stm32f3xx_hal_rcc.o
 .debug_macro   0x0000000000018ea1      0x1df Drivers/STM32F3xx_HAL_Driver/Src/stm32f3xx_hal_rcc_ex.o
 .debug_macro   0x0000000000019080      0x1e7 Drivers/STM32F3xx_HAL_Driver/Src/stm32f3xx_hal_spi.o
 .debug_macro   0x0000000000019267      0x1df Drivers/STM32F3xx_HAL_Driver/Src/stm32f3xx_ll_usb.o

.debug_line     0x0000000000000000     0x9c3a
 .debug_line    0x0000000000000000      0x933 Core/Src/main.o
 .debug_line    0x0000000000000933      0x74c Core/Src/stm32f3xx_hal_msp.o
 .debug_line    0x000000000000107f      0x763 Core/Src/stm32f3xx_it.o
 .debug_line    0x00000000000017e2      0x6dd Core/Src/system_stm32f3xx.o
 .debug_line    0x0000000000001ebf       0x85 Core/Startup/startup_stm32f303vctx.o
 .debug_line    0x0000000000001f44      0x89a Drivers/STM32F3xx_HAL_Driver/Src/stm32f3xx_hal.o
 .debug_line    0x00000000000027de      0x9cf Drivers/STM32F3xx_HAL_Driver/Src/stm32f3xx_hal_cortex.o
 .debug_line    0x00000000000031ad      0x84f Drivers/STM32F3xx_HAL_Driver/Src/stm32f3xx_hal_gpio.o
 .debug_line    0x00000000000039fc     0x1a34 Drivers/STM32F3xx_HAL_Driver/Src/stm32f3xx_hal_i2c.o
 .debug_line    0x0000000000005430      0x803 Drivers/STM32F3xx_HAL_Driver/Src/stm32f3xx_hal_i2c_ex.o
 .debug_line    0x0000000000005c33      0xb6e Drivers/STM32F3xx_HAL_Driver/Src/stm32f3xx_hal_pcd.o
 .debug_line    0x00000000000067a1      0xe12 Drivers/STM32F3xx_HAL_Driver/Src/stm32f3xx_hal_rcc.o
 .debug_line    0x00000000000075b3      0x98b Drivers/STM32F3xx_HAL_Driver/Src/stm32f3xx_hal_rcc_ex.o
 .debug_line    0x0000000000007f3e     0x1150 Drivers/STM32F3xx_HAL_Driver/Src/stm32f3xx_hal_spi.o
 .debug_line    0x000000000000908e      0xbac Drivers/STM32F3xx_HAL_Driver/Src/stm32f3xx_ll_usb.o

.debug_str      0x0000000000000000    0x91920
 .debug_str     0x0000000000000000    0x8eb7f Core/Src/main.o
                                      0x8f23a (size before relaxing)
 .debug_str     0x000000000008eb7f       0xa1 Core/Src/stm32f3xx_hal_msp.o
                                      0x8ef6a (size before relaxing)
 .debug_str     0x000000000008ec20       0xbd Core/Src/stm32f3xx_it.o
                                      0x8e536 (size before relaxing)
 .debug_str     0x000000000008ecdd       0xc7 Core/Src/system_stm32f3xx.o
                                      0x8e09f (size before relaxing)
 .debug_str     0x000000000008eda4       0x36 Core/Startup/startup_stm32f303vctx.o
                                         0x65 (size before relaxing)
 .debug_str     0x000000000008edda      0x6eb Drivers/STM32F3xx_HAL_Driver/Src/stm32f3xx_hal.o
                                      0x8e827 (size before relaxing)
 .debug_str     0x000000000008f4c5      0x3af Drivers/STM32F3xx_HAL_Driver/Src/stm32f3xx_hal_cortex.o
                                      0x8e935 (size before relaxing)
 .debug_str     0x000000000008f874      0x229 Drivers/STM32F3xx_HAL_Driver/Src/stm32f3xx_hal_gpio.o
                                      0x8e2f1 (size before relaxing)
 .debug_str     0x000000000008fa9d      0xde0 Drivers/STM32F3xx_HAL_Driver/Src/stm32f3xx_hal_i2c.o
                                      0x8f28c (size before relaxing)
 .debug_str     0x000000000009087d       0xf3 Drivers/STM32F3xx_HAL_Driver/Src/stm32f3xx_hal_i2c_ex.o
                                      0x8e5c2 (size before relaxing)
 .debug_str     0x0000000000090970      0x378 Drivers/STM32F3xx_HAL_Driver/Src/stm32f3xx_hal_pcd.o
                                      0x8e6ad (size before relaxing)
 .debug_str     0x0000000000090ce8      0x2f5 Drivers/STM32F3xx_HAL_Driver/Src/stm32f3xx_hal_rcc.o
                                      0x8e4f9 (size before relaxing)
 .debug_str     0x0000000000090fdd       0xd8 Drivers/STM32F3xx_HAL_Driver/Src/stm32f3xx_hal_rcc_ex.o
                                      0x8e2bd (size before relaxing)
 .debug_str     0x00000000000910b5      0x557 Drivers/STM32F3xx_HAL_Driver/Src/stm32f3xx_hal_spi.o
                                      0x8e966 (size before relaxing)
 .debug_str     0x000000000009160c      0x314 Drivers/STM32F3xx_HAL_Driver/Src/stm32f3xx_ll_usb.o
                                      0x8e503 (size before relaxing)

.comment        0x0000000000000000       0x7b
 .comment       0x0000000000000000       0x7b Core/Src/main.o
                                         0x7c (size before relaxing)
 .comment       0x000000000000007b       0x7c Core/Src/stm32f3xx_hal_msp.o
 .comment       0x000000000000007b       0x7c Core/Src/stm32f3xx_it.o
 .comment       0x000000000000007b       0x7c Core/Src/system_stm32f3xx.o
 .comment       0x000000000000007b       0x7c Drivers/STM32F3xx_HAL_Driver/Src/stm32f3xx_hal.o
 .comment       0x000000000000007b       0x7c Drivers/STM32F3xx_HAL_Driver/Src/stm32f3xx_hal_cortex.o
 .comment       0x000000000000007b       0x7c Drivers/STM32F3xx_HAL_Driver/Src/stm32f3xx_hal_gpio.o
 .comment       0x000000000000007b       0x7c Drivers/STM32F3xx_HAL_Driver/Src/stm32f3xx_hal_i2c.o
 .comment       0x000000000000007b       0x7c Drivers/STM32F3xx_HAL_Driver/Src/stm32f3xx_hal_i2c_ex.o
 .comment       0x000000000000007b       0x7c Drivers/STM32F3xx_HAL_Driver/Src/stm32f3xx_hal_pcd.o
 .comment       0x000000000000007b       0x7c Drivers/STM32F3xx_HAL_Driver/Src/stm32f3xx_hal_rcc.o
 .comment       0x000000000000007b       0x7c Drivers/STM32F3xx_HAL_Driver/Src/stm32f3xx_hal_rcc_ex.o
 .comment       0x000000000000007b       0x7c Drivers/STM32F3xx_HAL_Driver/Src/stm32f3xx_hal_spi.o
 .comment       0x000000000000007b       0x7c Drivers/STM32F3xx_HAL_Driver/Src/stm32f3xx_ll_usb.o

.debug_frame    0x0000000000000000     0x2f8c
 .debug_frame   0x0000000000000000      0x1f8 Core/Src/main.o
 .debug_frame   0x00000000000001f8      0x110 Core/Src/stm32f3xx_hal_msp.o
 .debug_frame   0x0000000000000308      0x10c Core/Src/stm32f3xx_it.o
 .debug_frame   0x0000000000000414       0x58 Core/Src/system_stm32f3xx.o
 .debug_frame   0x000000000000046c      0x334 Drivers/STM32F3xx_HAL_Driver/Src/stm32f3xx_hal.o
 .debug_frame   0x00000000000007a0      0x498 Drivers/STM32F3xx_HAL_Driver/Src/stm32f3xx_hal_cortex.o
 .debug_frame   0x0000000000000c38      0x14c Drivers/STM32F3xx_HAL_Driver/Src/stm32f3xx_hal_gpio.o
 .debug_frame   0x0000000000000d84      0xbbc Drivers/STM32F3xx_HAL_Driver/Src/stm32f3xx_hal_i2c.o
 .debug_frame   0x0000000000001940      0x100 Drivers/STM32F3xx_HAL_Driver/Src/stm32f3xx_hal_i2c_ex.o
 .debug_frame   0x0000000000001a40      0x500 Drivers/STM32F3xx_HAL_Driver/Src/stm32f3xx_hal_pcd.o
 .debug_frame   0x0000000000001f40      0x214 Drivers/STM32F3xx_HAL_Driver/Src/stm32f3xx_hal_rcc.o
 .debug_frame   0x0000000000002154       0xb4 Drivers/STM32F3xx_HAL_Driver/Src/stm32f3xx_hal_rcc_ex.o
 .debug_frame   0x0000000000002208      0x860 Drivers/STM32F3xx_HAL_Driver/Src/stm32f3xx_hal_spi.o
 .debug_frame   0x0000000000002a68      0x4d8 Drivers/STM32F3xx_HAL_Driver/Src/stm32f3xx_ll_usb.o
 .debug_frame   0x0000000000002f40       0x2c c:/st/stm32cubeide_1.1.0/stm32cubeide/plugins/com.st.stm32cube.ide.mcu.externaltools.gnu-tools-for-stm32.7-2018-q2-update.win32_1.0.0.201904181610/tools/bin/../lib/gcc/arm-none-eabi/7.3.1/../../../../arm-none-eabi/lib/thumb/v7e-m/fpv4-sp/hard\libc_nano.a(lib_a-init.o)
 .debug_frame   0x0000000000002f6c       0x20 c:/st/stm32cubeide_1.1.0/stm32cubeide/plugins/com.st.stm32cube.ide.mcu.externaltools.gnu-tools-for-stm32.7-2018-q2-update.win32_1.0.0.201904181610/tools/bin/../lib/gcc/arm-none-eabi/7.3.1/../../../../arm-none-eabi/lib/thumb/v7e-m/fpv4-sp/hard\libc_nano.a(lib_a-memset.o)
